================================
   Health Check - 2026-05-08 07:17:11
================================
[OK] Disk / is at 9% usage
[OK] Disk /tmp is at 9% usage
[OK] Disk /home is at 9% usage
[OK] Memory free: 33%
[INFO] CPU usage: 0.0%
[OK] ssh is running
[OK] docker is running
================================
   Check Completed
================================
================================
   Health Check - 2026-05-08 07:17:14
================================
[OK] Disk / is at 9% usage
[OK] Disk /tmp is at 9% usage
[OK] Disk /home is at 9% usage
[OK] Memory free: 33%
[INFO] CPU usage: 0.0%
[OK] ssh is running
[OK] docker is running
================================
   Check Completed
================================
